../Core/Src/main.c:175:6:HAL_GPIO_EXTI_Callback	16	static
../Core/Src/main.c:213:6:delay_us	16	static
../Core/Src/main.c:219:6:HAL_TIM_IC_CaptureCallback	16	static
../Core/Src/main.c:259:6:Read_HCSR04_Sensor	8	static
../Core/Src/main.c:267:6:LCD_Display	24	static
../Core/Src/main.c:276:6:DHT11_UART_Transmit	24	static
../Core/Src/main.c:287:6:HSR04_UART_Transmit	16	static
../Core/Src/main.c:299:6:DHT11_HSR04_UART_Transmit	32	static
../Core/Src/main.c:310:6:processRecCmd	24	static
../Core/Src/main.c:348:6:HAL_UARTEx_RxEventCallback	24	static
../Core/Src/main.c:362:6:HAL_TIM_PeriodElapsedCallback	16	static
../Core/Src/main.c:372:6:Set_Pin_Output	32	static
../Core/Src/main.c:381:6:Set_Pin_Input	32	static
../Core/Src/main.c:390:6:DHT11_Start	8	static
../Core/Src/main.c:400:9:DHT11_Check_Response	16	static
../Core/Src/main.c:418:9:DHT11_Read	16	static
../Core/Src/main.c:437:6:Read_DHT11_Sensor	8	static
../Core/Src/main.c:461:5:main	24	static
../Core/Src/main.c:528:6:SystemClock_Config	72	static
../Core/Src/main.c:568:13:MX_TIM1_Init	48	static
../Core/Src/main.c:627:13:MX_TIM4_Init	32	static
../Core/Src/main.c:672:13:MX_USART1_UART_Init	8	static
../Core/Src/main.c:703:13:MX_DMA_Init	16	static
../Core/Src/main.c:724:13:MX_GPIO_Init	40	static
../Core/Src/main.c:787:6:Error_Handler	4	static
